// Jest Snapshot v1, https://goo.gl/fbAQLP

exports[`Login check login screen display 1`] = `
Object {
  "asFragment": [Function],
  "baseElement": <body>
    <div>
      <div>
        <h2
          class="h-body"
          data-testid="loginTitle"
        >
          Login
        </h2>
        <form
          class=""
        >
          <label
            class="form-label"
          >
            Select User
          </label>
          <select
            class="mb-3 form-select"
            data-testid="userSelect"
          >
            <option>
              Chose user
            </option>
          </select>
          <div
            class="mb-3"
          >
            <label
              class="form-label"
            >
              User ID
            </label>
            <input
              class="form-control"
              data-testid="userid"
              disabled=""
              placeholder="Enter user ID"
              type="input"
              value=""
            />
          </div>
          <div
            class="mb-3"
          >
            <label
              class="form-label"
            >
              Password
            </label>
            <input
              class="form-control"
              data-testid="password"
              disabled=""
              placeholder="Enter password"
              type="input"
              value=""
            />
          </div>
          <button
            class="btn btn-primary"
            data-testid="loginButton"
            disabled=""
            type="submit"
          >
            Submit
          </button>
        </form>
      </div>
    </div>
  </body>,
  "container": <div>
    <div>
      <h2
        class="h-body"
        data-testid="loginTitle"
      >
        Login
      </h2>
      <form
        class=""
      >
        <label
          class="form-label"
        >
          Select User
        </label>
        <select
          class="mb-3 form-select"
          data-testid="userSelect"
        >
          <option>
            Chose user
          </option>
        </select>
        <div
          class="mb-3"
        >
          <label
            class="form-label"
          >
            User ID
          </label>
          <input
            class="form-control"
            data-testid="userid"
            disabled=""
            placeholder="Enter user ID"
            type="input"
            value=""
          />
        </div>
        <div
          class="mb-3"
        >
          <label
            class="form-label"
          >
            Password
          </label>
          <input
            class="form-control"
            data-testid="password"
            disabled=""
            placeholder="Enter password"
            type="input"
            value=""
          />
        </div>
        <button
          class="btn btn-primary"
          data-testid="loginButton"
          disabled=""
          type="submit"
        >
          Submit
        </button>
      </form>
    </div>
  </div>,
  "debug": [Function],
  "findAllByAltText": [Function],
  "findAllByDisplayValue": [Function],
  "findAllByLabelText": [Function],
  "findAllByPlaceholderText": [Function],
  "findAllByRole": [Function],
  "findAllByTestId": [Function],
  "findAllByText": [Function],
  "findAllByTitle": [Function],
  "findByAltText": [Function],
  "findByDisplayValue": [Function],
  "findByLabelText": [Function],
  "findByPlaceholderText": [Function],
  "findByRole": [Function],
  "findByTestId": [Function],
  "findByText": [Function],
  "findByTitle": [Function],
  "getAllByAltText": [Function],
  "getAllByDisplayValue": [Function],
  "getAllByLabelText": [Function],
  "getAllByPlaceholderText": [Function],
  "getAllByRole": [Function],
  "getAllByTestId": [Function],
  "getAllByText": [Function],
  "getAllByTitle": [Function],
  "getByAltText": [Function],
  "getByDisplayValue": [Function],
  "getByLabelText": [Function],
  "getByPlaceholderText": [Function],
  "getByRole": [Function],
  "getByTestId": [Function],
  "getByText": [Function],
  "getByTitle": [Function],
  "queryAllByAltText": [Function],
  "queryAllByDisplayValue": [Function],
  "queryAllByLabelText": [Function],
  "queryAllByPlaceholderText": [Function],
  "queryAllByRole": [Function],
  "queryAllByTestId": [Function],
  "queryAllByText": [Function],
  "queryAllByTitle": [Function],
  "queryByAltText": [Function],
  "queryByDisplayValue": [Function],
  "queryByLabelText": [Function],
  "queryByPlaceholderText": [Function],
  "queryByRole": [Function],
  "queryByTestId": [Function],
  "queryByText": [Function],
  "queryByTitle": [Function],
  "rerender": [Function],
  "unmount": [Function],
}
`;
